
> bima-portfolio@1.0.0 start
> next start

   ▲ Next.js 15.5.19
   - Local:        http://localhost:3111
   - Network:      http://192.168.100.51:3111

 ✓ Starting...
 ⚠ Warning: Next.js inferred your workspace root, but it may not be correct.
 We detected multiple lockfiles and selected the directory of C:\Users\bimsky\package-lock.json as the root directory.
 To silence this warning, set `outputFileTracingRoot` in your Next.js config, or consider removing one of the lockfiles if it's not needed.
   See https://nextjs.org/docs/app/api-reference/config/next-config-js/output#caveats for more information.
 Detected additional lockfiles: 
   * C:\Users\bimsky\Documents\KODINGAN\Website Portfolio\package-lock.json

 ✓ Ready in 1012ms
 ⨯ [Error [InvariantError]: Invariant: Expected clientReferenceManifest to be defined. This is a bug in Next.js.]
 ⨯ [Error [InvariantError]: Invariant: Expected clientReferenceManifest to be defined. This is a bug in Next.js.]
 ⨯ Error: Could not find the module "C:\Users\bimsky\Documents\KODINGAN\Website Portfolio\node_modules\next\dist\next-devtools\userspace\app\segment-explorer-node.js#SegmentViewNode" in the React Client Manifest. This is probably a bug in the React Server Components bundler.
    at stringify (<anonymous>) {
  digest: '2159658815'
}
 ⨯ Error: Could not find the module "C:\Users\bimsky\Documents\KODINGAN\Website Portfolio\node_modules\next\dist\next-devtools\userspace\app\segment-explorer-node.js#SegmentViewNode" in the React Client Manifest. This is probably a bug in the React Server Components bundler.
    at stringify (<anonymous>) {
  digest: '2519952515'
}
 ⨯ Error: Could not find the module "C:\Users\bimsky\Documents\KODINGAN\Website Portfolio\node_modules\next\dist\next-devtools\userspace\app\segment-explorer-node.js#SegmentViewNode" in the React Client Manifest. This is probably a bug in the React Server Components bundler.
    at stringify (<anonymous>) {
  digest: '2519952515'
}
 ⨯ Error: Could not find the module "C:\Users\bimsky\Documents\KODINGAN\Website Portfolio\node_modules\next\dist\next-devtools\userspace\app\segment-explorer-node.js#SegmentViewNode" in the React Client Manifest. This is probably a bug in the React Server Components bundler.
    at stringify (<anonymous>) {
  digest: '2519952515'
}
 ⨯ Error: Could not find the module "C:\Users\bimsky\Documents\KODINGAN\Website Portfolio\node_modules\next\dist\next-devtools\userspace\app\segment-explorer-node.js#SegmentViewNode" in the React Client Manifest. This is probably a bug in the React Server Components bundler.
    at stringify (<anonymous>) {
  digest: '2159658815'
}
 ⨯ Error: Could not find the module "C:\Users\bimsky\Documents\KODINGAN\Website Portfolio\node_modules\next\dist\next-devtools\userspace\app\segment-explorer-node.js#SegmentViewNode" in the React Client Manifest. This is probably a bug in the React Server Components bundler.
    at stringify (<anonymous>) {
  digest: '2159658815'
}
 ⨯ Error: Could not find the module "C:\Users\bimsky\Documents\KODINGAN\Website Portfolio\node_modules\next\dist\next-devtools\userspace\app\segment-explorer-node.js#SegmentViewNode" in the React Client Manifest. This is probably a bug in the React Server Components bundler.
    at stringify (<anonymous>) {
  digest: '2159658815'
}
 ⨯ TypeError: __webpack_modules__[moduleId] is not a function
    at Object.__webpack_require__ [as require] (C:\Users\bimsky\Documents\KODINGAN\Website Portfolio\.next\server\webpack-runtime.js:25:42) {
  digest: '2997374938'
}
 ⨯ Error: Could not find the module "C:\Users\bimsky\Documents\KODINGAN\Website Portfolio\node_modules\next\dist\next-devtools\userspace\app\segment-explorer-node.js#SegmentViewNode" in the React Client Manifest. This is probably a bug in the React Server Components bundler.
    at stringify (<anonymous>) {
  digest: '2159658815'
}
TypeError: __webpack_modules__[moduleId] is not a function
    at Object.__webpack_require__ [as require] (C:\Users\bimsky\Documents\KODINGAN\Website Portfolio\.next\server\webpack-runtime.js:25:42)
 ⨯ TypeError: __webpack_modules__[moduleId] is not a function
    at Object.__webpack_require__ [as require] (C:\Users\bimsky\Documents\KODINGAN\Website Portfolio\.next\server\webpack-runtime.js:25:42)
 ⨯ TypeError: __webpack_modules__[moduleId] is not a function
    at Object.__webpack_require__ [as require] (C:\Users\bimsky\Documents\KODINGAN\Website Portfolio\.next\server\webpack-runtime.js:25:42)
 ⨯ Error: Could not find the module "C:\Users\bimsky\Documents\KODINGAN\Website Portfolio\node_modules\next\dist\next-devtools\userspace\app\segment-explorer-node.js#SegmentViewNode" in the React Client Manifest. This is probably a bug in the React Server Components bundler.
    at stringify (<anonymous>) {
  digest: '2159658815'
}
 ⨯ Error: Could not find the module "C:\Users\bimsky\Documents\KODINGAN\Website Portfolio\node_modules\next\dist\next-devtools\userspace\app\segment-explorer-node.js#SegmentViewNode" in the React Client Manifest. This is probably a bug in the React Server Components bundler.
    at stringify (<anonymous>) {
  digest: '2519952515'
}
 ⨯ Error: Could not find the module "C:\Users\bimsky\Documents\KODINGAN\Website Portfolio\node_modules\next\dist\next-devtools\userspace\app\segment-explorer-node.js#SegmentViewNode" in the React Client Manifest. This is probably a bug in the React Server Components bundler.
    at stringify (<anonymous>) {
  digest: '2519952515'
}
 ⨯ Error: Could not find the module "C:\Users\bimsky\Documents\KODINGAN\Website Portfolio\node_modules\next\dist\next-devtools\userspace\app\segment-explorer-node.js#SegmentViewNode" in the React Client Manifest. This is probably a bug in the React Server Components bundler.
    at stringify (<anonymous>) {
  digest: '2519952515'
}
 ⨯ Error: Could not find the module "C:\Users\bimsky\Documents\KODINGAN\Website Portfolio\node_modules\next\dist\next-devtools\userspace\app\segment-explorer-node.js#SegmentViewNode" in the React Client Manifest. This is probably a bug in the React Server Components bundler.
    at stringify (<anonymous>) {
  digest: '2159658815'
}
 ⨯ Error: Could not find the module "C:\Users\bimsky\Documents\KODINGAN\Website Portfolio\node_modules\next\dist\next-devtools\userspace\app\segment-explorer-node.js#SegmentViewNode" in the React Client Manifest. This is probably a bug in the React Server Components bundler.
    at stringify (<anonymous>) {
  digest: '2159658815'
}
 ⨯ Error: Could not find the module "C:\Users\bimsky\Documents\KODINGAN\Website Portfolio\node_modules\next\dist\next-devtools\userspace\app\segment-explorer-node.js#SegmentViewNode" in the React Client Manifest. This is probably a bug in the React Server Components bundler.
    at stringify (<anonymous>) {
  digest: '2159658815'
}
 ⨯ TypeError: __webpack_modules__[moduleId] is not a function
    at Object.__webpack_require__ [as require] (C:\Users\bimsky\Documents\KODINGAN\Website Portfolio\.next\server\webpack-runtime.js:25:42) {
  digest: '2997374938'
}
 ⨯ Error: Could not find the module "C:\Users\bimsky\Documents\KODINGAN\Website Portfolio\node_modules\next\dist\next-devtools\userspace\app\segment-explorer-node.js#SegmentViewNode" in the React Client Manifest. This is probably a bug in the React Server Components bundler.
    at stringify (<anonymous>) {
  digest: '2159658815'
}
TypeError: __webpack_modules__[moduleId] is not a function
    at Object.__webpack_require__ [as require] (C:\Users\bimsky\Documents\KODINGAN\Website Portfolio\.next\server\webpack-runtime.js:25:42)
 ⨯ TypeError: __webpack_modules__[moduleId] is not a function
    at Object.__webpack_require__ [as require] (C:\Users\bimsky\Documents\KODINGAN\Website Portfolio\.next\server\webpack-runtime.js:25:42)
 ⨯ TypeError: __webpack_modules__[moduleId] is not a function
    at Object.__webpack_require__ [as require] (C:\Users\bimsky\Documents\KODINGAN\Website Portfolio\.next\server\webpack-runtime.js:25:42)
 ⨯ Error: Could not find the module "C:\Users\bimsky\Documents\KODINGAN\Website Portfolio\node_modules\next\dist\next-devtools\userspace\app\segment-explorer-node.js#SegmentViewNode" in the React Client Manifest. This is probably a bug in the React Server Components bundler.
    at stringify (<anonymous>) {
  digest: '2159658815'
}
 ⨯ Error: Could not find the module "C:\Users\bimsky\Documents\KODINGAN\Website Portfolio\node_modules\next\dist\next-devtools\userspace\app\segment-explorer-node.js#SegmentViewNode" in the React Client Manifest. This is probably a bug in the React Server Components bundler.
    at stringify (<anonymous>) {
  digest: '2519952515'
}
 ⨯ Error: Could not find the module "C:\Users\bimsky\Documents\KODINGAN\Website Portfolio\node_modules\next\dist\next-devtools\userspace\app\segment-explorer-node.js#SegmentViewNode" in the React Client Manifest. This is probably a bug in the React Server Components bundler.
    at stringify (<anonymous>) {
  digest: '2519952515'
}
 ⨯ Error: Could not find the module "C:\Users\bimsky\Documents\KODINGAN\Website Portfolio\node_modules\next\dist\next-devtools\userspace\app\segment-explorer-node.js#SegmentViewNode" in the React Client Manifest. This is probably a bug in the React Server Components bundler.
    at stringify (<anonymous>) {
  digest: '2519952515'
}
 ⨯ Error: Could not find the module "C:\Users\bimsky\Documents\KODINGAN\Website Portfolio\node_modules\next\dist\next-devtools\userspace\app\segment-explorer-node.js#SegmentViewNode" in the React Client Manifest. This is probably a bug in the React Server Components bundler.
    at stringify (<anonymous>) {
  digest: '2159658815'
}
 ⨯ Error: Could not find the module "C:\Users\bimsky\Documents\KODINGAN\Website Portfolio\node_modules\next\dist\next-devtools\userspace\app\segment-explorer-node.js#SegmentViewNode" in the React Client Manifest. This is probably a bug in the React Server Components bundler.
    at stringify (<anonymous>) {
  digest: '2159658815'
}
 ⨯ Error: Could not find the module "C:\Users\bimsky\Documents\KODINGAN\Website Portfolio\node_modules\next\dist\next-devtools\userspace\app\segment-explorer-node.js#SegmentViewNode" in the React Client Manifest. This is probably a bug in the React Server Components bundler.
    at stringify (<anonymous>) {
  digest: '2159658815'
}
 ⨯ TypeError: __webpack_modules__[moduleId] is not a function
    at Object.__webpack_require__ [as require] (C:\Users\bimsky\Documents\KODINGAN\Website Portfolio\.next\server\webpack-runtime.js:25:42) {
  digest: '2997374938'
}
 ⨯ Error: Could not find the module "C:\Users\bimsky\Documents\KODINGAN\Website Portfolio\node_modules\next\dist\next-devtools\userspace\app\segment-explorer-node.js#SegmentViewNode" in the React Client Manifest. This is probably a bug in the React Server Components bundler.
    at stringify (<anonymous>) {
  digest: '2159658815'
}
TypeError: __webpack_modules__[moduleId] is not a function
    at Object.__webpack_require__ [as require] (C:\Users\bimsky\Documents\KODINGAN\Website Portfolio\.next\server\webpack-runtime.js:25:42)
 ⨯ TypeError: __webpack_modules__[moduleId] is not a function
    at Object.__webpack_require__ [as require] (C:\Users\bimsky\Documents\KODINGAN\Website Portfolio\.next\server\webpack-runtime.js:25:42)
 ⨯ TypeError: __webpack_modules__[moduleId] is not a function
    at Object.__webpack_require__ [as require] (C:\Users\bimsky\Documents\KODINGAN\Website Portfolio\.next\server\webpack-runtime.js:25:42)
